// Jest Snapshot v1, https://goo.gl/fbAQLP

exports[`scales Should render a default component 1`] = `"<div><h2>Scales</h2><span class="bold">Select a Scale Root</span><div><svg class="clickable" width="200" viewBox="0 0 200 75"><g width="28.571428571428573"><path class="whiteKey key " x="0" data-natural="C" data-octave="lower" rx="2.8571428571428577" ry="3.75" d="M 0 0 v 71.25 q 0 3.75 2.8571428571428577 3.75 h 22.857142857142858 q 2.8571428571428577 0 2.8571428571428577 -3.75 v -71.25 Z"></path><text class="whiteKeyText" x="14.285714285714286" y="65" text-anchor="middle">C</text></g><g width="28.571428571428573"><path class="whiteKey key " x="28.571428571428573" data-natural="D" data-octave="lower" rx="2.8571428571428577" ry="3.75" d="M 28.571428571428573 0 v 71.25 q 0 3.75 2.8571428571428577 3.75 h 22.857142857142858 q 2.8571428571428577 0 2.8571428571428577 -3.75 v -71.25 Z"></path><text class="whiteKeyText" x="42.85714285714286" y="65" text-anchor="middle">D</text></g><g width="14.285714285714286"><path class="blackKey key " x="21.42857142857143" data-sharp="C#" data-flat="Db" data-octave="lower" rx="2.8571428571428577" ry="3.75" d="M 21.42857142857143 0 v 43.125 q 0 3.75 2.8571428571428577 3.75 h 8.571428571428571 q 2.8571428571428577 0 2.8571428571428577 -3.75 v -43.125 Z"></path></g><g width="28.571428571428573"><path class="whiteKey key " x="57.142857142857146" data-natural="E" data-octave="lower" rx="2.8571428571428577" ry="3.75" d="M 57.142857142857146 0 v 71.25 q 0 3.75 2.8571428571428577 3.75 h 22.857142857142858 q 2.8571428571428577 0 2.8571428571428577 -3.75 v -71.25 Z"></path><text class="whiteKeyText" x="71.42857142857143" y="65" text-anchor="middle">E</text></g><g width="14.285714285714286"><path class="blackKey key " x="50" data-sharp="D#" data-flat="Eb" data-octave="lower" rx="2.8571428571428577" ry="3.75" d="M 50 0 v 43.125 q 0 3.75 2.8571428571428577 3.75 h 8.571428571428571 q 2.8571428571428577 0 2.8571428571428577 -3.75 v -43.125 Z"></path></g><g width="28.571428571428573"><path class="whiteKey key " x="85.71428571428572" data-natural="F" data-octave="lower" rx="2.8571428571428577" ry="3.75" d="M 85.71428571428572 0 v 71.25 q 0 3.75 2.8571428571428577 3.75 h 22.857142857142858 q 2.8571428571428577 0 2.8571428571428577 -3.75 v -71.25 Z"></path><text class="whiteKeyText" x="100.00000000000001" y="65" text-anchor="middle">F</text></g><g width="28.571428571428573"><path class="whiteKey key " x="114.28571428571429" data-natural="G" data-octave="lower" rx="2.8571428571428577" ry="3.75" d="M 114.28571428571429 0 v 71.25 q 0 3.75 2.8571428571428577 3.75 h 22.857142857142858 q 2.8571428571428577 0 2.8571428571428577 -3.75 v -71.25 Z"></path><text class="whiteKeyText" x="128.57142857142858" y="65" text-anchor="middle">G</text></g><g width="14.285714285714286"><path class="blackKey key " x="107.14285714285714" data-sharp="F#" data-flat="Gb" data-octave="lower" rx="2.8571428571428577" ry="3.75" d="M 107.14285714285714 0 v 43.125 q 0 3.75 2.8571428571428577 3.75 h 8.571428571428571 q 2.8571428571428577 0 2.8571428571428577 -3.75 v -43.125 Z"></path></g><g width="28.571428571428573"><path class="whiteKey key " x="142.85714285714286" data-natural="A" data-octave="lower" rx="2.8571428571428577" ry="3.75" d="M 142.85714285714286 0 v 71.25 q 0 3.75 2.8571428571428577 3.75 h 22.857142857142858 q 2.8571428571428577 0 2.8571428571428577 -3.75 v -71.25 Z"></path><text class="whiteKeyText" x="157.14285714285714" y="65" text-anchor="middle">A</text></g><g width="14.285714285714286"><path class="blackKey key " x="135.71428571428572" data-sharp="G#" data-flat="Ab" data-octave="lower" rx="2.8571428571428577" ry="3.75" d="M 135.71428571428572 0 v 43.125 q 0 3.75 2.8571428571428577 3.75 h 8.571428571428571 q 2.8571428571428577 0 2.8571428571428577 -3.75 v -43.125 Z"></path></g><g width="28.571428571428573"><path class="whiteKey key " x="171.42857142857144" data-natural="B" data-octave="lower" rx="2.8571428571428577" ry="3.75" d="M 171.42857142857144 0 v 71.25 q 0 3.75 2.8571428571428577 3.75 h 22.857142857142858 q 2.8571428571428577 0 2.8571428571428577 -3.75 v -71.25 Z"></path><text class="whiteKeyText" x="185.71428571428572" y="65" text-anchor="middle">B</text></g><g width="14.285714285714286"><path class="blackKey key " x="164.2857142857143" data-sharp="A#" data-flat="Bb" data-octave="lower" rx="2.8571428571428577" ry="3.75" d="M 164.2857142857143 0 v 43.125 q 0 3.75 2.8571428571428577 3.75 h 8.571428571428571 q 2.8571428571428577 0 2.8571428571428577 -3.75 v -43.125 Z"></path></g></svg></div></div>"`;
