// Jest Snapshot v1, https://goo.gl/fbAQLP

exports[`addchord Should add a chord 1`] = `"<div><div class="container"><div class="add clickable"></div></div></div>"`;
