// Jest Snapshot v1, https://goo.gl/fbAQLP

exports[`dictionary Should render the component 1`] = `"<body><div><button class=\\"float\\">Start Audio Context</button><section><h2>Generate</h2><div class=\\"container\\"><div class=\\"card\\"><h2>Note</h2><input autocomplete=\\"off\\" type=\\"checkbox\\" id=\\"accidentals\\" name=\\"accidentals\\"><label class=\\"clickable\\" for=\\"accidentals\\">Accidentals?</label><div><label class=\\"sliderLabel\\" for=\\"minN\\">Minimum</label><input id=\\"minN\\" type=\\"range\\" min=\\"0\\" max=\\"28\\" value=\\"2\\"><span class=\\"sliderValue\\">E2</span></div><div><label class=\\"sliderLabel\\" for=\\"maxN\\">Maximum</label><input id=\\"maxN\\" type=\\"range\\" min=\\"2\\" max=\\"34\\" value=\\"28\\"><span class=\\"sliderValue\\">C6</span></div><button>New Note</button></div><div class=\\"card\\"><h2>Chord</h2><div>Please create a Question first</div></div><div class=\\"card\\"><h2>Interval</h2><div>Please create a Question first</div></div></div></section><section><h2>Questions</h2><div class=\\"container\\"><div class=\\"card\\"><h2>Question</h2><h3></h3><input autocomplete=\\"off\\" type=\\"checkbox\\" id=\\"viewQuestions\\" name=\\"viewQuestions\\"><label class=\\"clickable\\" for=\\"viewQuestions\\">Show Answer</label></div><div class=\\"card\\"><h2>Stave</h2><label class=\\"selectLabel\\" for=\\"staveType\\">Stave Type</label><select class=\\"clickable\\" id=\\"staveType\\"><option value=\\"Auto\\">Auto</option><option value=\\"Grand\\">Grand</option><option value=\\"Treble\\">Treble</option><option value=\\"Bass\\">Bass</option><option value=\\"None\\">None</option></select><div class=\\"stave\\" id=\\"stave\\"></div></div><div class=\\"card\\"><h2>Oscillator Output</h2><div>Please Start AudioContext</div></div></div></section><section><h2>Answers</h2><div class=\\"container\\"><div class=\\"card\\"><h2>Input</h2><div><input autocomplete=\\"off\\" type=\\"checkbox\\" id=\\"sharp\\" name=\\"sharp\\" checked=\\"\\"><label class=\\"clickable\\" for=\\"sharp\\">Sharp?</label></div><button>Enable Midi</button><div><input autocomplete=\\"off\\" type=\\"checkbox\\" id=\\"keyboard_visibility\\" name=\\"keyboard_visibility\\"><label class=\\"clickable\\" for=\\"keyboard_visibility\\">Show Keyboard?</label></div><div id=\\"keyboard_section\\" data-testid=\\"keyboard\\" class=\\"hide\\"><div><label class=\\"sliderLabel\\" for=\\"octave\\">Set Octave:</label><input id=\\"octave\\" type=\\"range\\" min=\\"1\\" max=\\"6\\" value=\\"4\\"><span class=\\"sliderValue\\">4</span></div><label class=\\"selectLabel\\" for=\\"keyboard_mode\\">Keyboard Mode</label><select class=\\"clickable\\" id=\\"keyboard_mode\\"><option value=\\"None\\">None</option><option value=\\"Layout\\">Layout</option><option value=\\"Alphabetical\\">Alphabetical</option></select><div><svg class=\\"clickable\\" width=\\"400\\" viewBox=\\"0 0 400 150\\"><g width=\\"57.142857142857146\\"><path class=\\"whiteKey key \\" x=\\"0\\" data-natural=\\"C\\" data-octave=\\"lower\\" rx=\\"5.714285714285715\\" ry=\\"7.5\\" d=\\"M 0 0 v 142.5 q 0 7.5 5.714285714285715 7.5 h 45.714285714285715 q 5.714285714285715 0 5.714285714285715 -7.5 v -142.5 Z\\"></path><text class=\\"whiteKeyText\\" x=\\"28.571428571428573\\" y=\\"140\\" text-anchor=\\"middle\\">C</text></g><g width=\\"57.142857142857146\\"><path class=\\"whiteKey key \\" x=\\"57.142857142857146\\" data-natural=\\"D\\" data-octave=\\"lower\\" rx=\\"5.714285714285715\\" ry=\\"7.5\\" d=\\"M 57.142857142857146 0 v 142.5 q 0 7.5 5.714285714285715 7.5 h 45.714285714285715 q 5.714285714285715 0 5.714285714285715 -7.5 v -142.5 Z\\"></path><text class=\\"whiteKeyText\\" x=\\"85.71428571428572\\" y=\\"140\\" text-anchor=\\"middle\\">D</text></g><g width=\\"28.571428571428573\\"><path class=\\"blackKey key \\" x=\\"42.85714285714286\\" data-sharp=\\"C#\\" data-flat=\\"Db\\" data-octave=\\"lower\\" rx=\\"5.714285714285715\\" ry=\\"7.5\\" d=\\"M 42.85714285714286 0 v 86.25 q 0 7.5 5.714285714285715 7.5 h 17.142857142857142 q 5.714285714285715 0 5.714285714285715 -7.5 v -86.25 Z\\"></path><text class=\\"blackKeyText\\" text-anchor=\\"middle\\" y=\\"63.75\\" x=\\"57.142857142857146\\">D♭</text><text class=\\"blackKeyText\\" text-anchor=\\"middle\\" y=\\"83.75\\" x=\\"57.142857142857146\\">C♯</text></g><g width=\\"57.142857142857146\\"><path class=\\"whiteKey key \\" x=\\"114.28571428571429\\" data-natural=\\"E\\" data-octave=\\"lower\\" rx=\\"5.714285714285715\\" ry=\\"7.5\\" d=\\"M 114.28571428571429 0 v 142.5 q 0 7.5 5.714285714285715 7.5 h 45.714285714285715 q 5.714285714285715 0 5.714285714285715 -7.5 v -142.5 Z\\"></path><text class=\\"whiteKeyText\\" x=\\"142.85714285714286\\" y=\\"140\\" text-anchor=\\"middle\\">E</text></g><g width=\\"28.571428571428573\\"><path class=\\"blackKey key \\" x=\\"100\\" data-sharp=\\"D#\\" data-flat=\\"Eb\\" data-octave=\\"lower\\" rx=\\"5.714285714285715\\" ry=\\"7.5\\" d=\\"M 100 0 v 86.25 q 0 7.5 5.714285714285715 7.5 h 17.142857142857142 q 5.714285714285715 0 5.714285714285715 -7.5 v -86.25 Z\\"></path><text class=\\"blackKeyText\\" text-anchor=\\"middle\\" y=\\"63.75\\" x=\\"114.28571428571429\\">E♭</text><text class=\\"blackKeyText\\" text-anchor=\\"middle\\" y=\\"83.75\\" x=\\"114.28571428571429\\">D♯</text></g><g width=\\"57.142857142857146\\"><path class=\\"whiteKey key \\" x=\\"171.42857142857144\\" data-natural=\\"F\\" data-octave=\\"lower\\" rx=\\"5.714285714285715\\" ry=\\"7.5\\" d=\\"M 171.42857142857144 0 v 142.5 q 0 7.5 5.714285714285715 7.5 h 45.714285714285715 q 5.714285714285715 0 5.714285714285715 -7.5 v -142.5 Z\\"></path><text class=\\"whiteKeyText\\" x=\\"200.00000000000003\\" y=\\"140\\" text-anchor=\\"middle\\">F</text></g><g width=\\"57.142857142857146\\"><path class=\\"whiteKey key \\" x=\\"228.57142857142858\\" data-natural=\\"G\\" data-octave=\\"lower\\" rx=\\"5.714285714285715\\" ry=\\"7.5\\" d=\\"M 228.57142857142858 0 v 142.5 q 0 7.5 5.714285714285715 7.5 h 45.714285714285715 q 5.714285714285715 0 5.714285714285715 -7.5 v -142.5 Z\\"></path><text class=\\"whiteKeyText\\" x=\\"257.14285714285717\\" y=\\"140\\" text-anchor=\\"middle\\">G</text></g><g width=\\"28.571428571428573\\"><path class=\\"blackKey key \\" x=\\"214.28571428571428\\" data-sharp=\\"F#\\" data-flat=\\"Gb\\" data-octave=\\"lower\\" rx=\\"5.714285714285715\\" ry=\\"7.5\\" d=\\"M 214.28571428571428 0 v 86.25 q 0 7.5 5.714285714285715 7.5 h 17.142857142857142 q 5.714285714285715 0 5.714285714285715 -7.5 v -86.25 Z\\"></path><text class=\\"blackKeyText\\" text-anchor=\\"middle\\" y=\\"63.75\\" x=\\"228.57142857142856\\">G♭</text><text class=\\"blackKeyText\\" text-anchor=\\"middle\\" y=\\"83.75\\" x=\\"228.57142857142856\\">F♯</text></g><g width=\\"57.142857142857146\\"><path class=\\"whiteKey key \\" x=\\"285.7142857142857\\" data-natural=\\"A\\" data-octave=\\"lower\\" rx=\\"5.714285714285715\\" ry=\\"7.5\\" d=\\"M 285.7142857142857 0 v 142.5 q 0 7.5 5.714285714285715 7.5 h 45.714285714285715 q 5.714285714285715 0 5.714285714285715 -7.5 v -142.5 Z\\"></path><text class=\\"whiteKeyText\\" x=\\"314.2857142857143\\" y=\\"140\\" text-anchor=\\"middle\\">A</text></g><g width=\\"28.571428571428573\\"><path class=\\"blackKey key \\" x=\\"271.42857142857144\\" data-sharp=\\"G#\\" data-flat=\\"Ab\\" data-octave=\\"lower\\" rx=\\"5.714285714285715\\" ry=\\"7.5\\" d=\\"M 271.42857142857144 0 v 86.25 q 0 7.5 5.714285714285715 7.5 h 17.142857142857142 q 5.714285714285715 0 5.714285714285715 -7.5 v -86.25 Z\\"></path><text class=\\"blackKeyText\\" text-anchor=\\"middle\\" y=\\"63.75\\" x=\\"285.7142857142857\\">A♭</text><text class=\\"blackKeyText\\" text-anchor=\\"middle\\" y=\\"83.75\\" x=\\"285.7142857142857\\">G♯</text></g><g width=\\"57.142857142857146\\"><path class=\\"whiteKey key \\" x=\\"342.8571428571429\\" data-natural=\\"B\\" data-octave=\\"lower\\" rx=\\"5.714285714285715\\" ry=\\"7.5\\" d=\\"M 342.8571428571429 0 v 142.5 q 0 7.5 5.714285714285715 7.5 h 45.714285714285715 q 5.714285714285715 0 5.714285714285715 -7.5 v -142.5 Z\\"></path><text class=\\"whiteKeyText\\" x=\\"371.42857142857144\\" y=\\"140\\" text-anchor=\\"middle\\">B</text></g><g width=\\"28.571428571428573\\"><path class=\\"blackKey key \\" x=\\"328.5714285714286\\" data-sharp=\\"A#\\" data-flat=\\"Bb\\" data-octave=\\"lower\\" rx=\\"5.714285714285715\\" ry=\\"7.5\\" d=\\"M 328.5714285714286 0 v 86.25 q 0 7.5 5.714285714285715 7.5 h 17.142857142857142 q 5.714285714285715 0 5.714285714285715 -7.5 v -86.25 Z\\"></path><text class=\\"blackKeyText\\" text-anchor=\\"middle\\" y=\\"63.75\\" x=\\"342.8571428571429\\">B♭</text><text class=\\"blackKeyText\\" text-anchor=\\"middle\\" y=\\"83.75\\" x=\\"342.8571428571429\\">A♯</text></g></svg></div><button>Clear keyboard</button></div></div><div class=\\"card\\"><h2>Audio input pitch</h2><div>Please Start AudioContext</div></div></div></section><section><h2>Results</h2><div class=\\"container\\"><div class=\\"card\\"><h2>Result</h2><div>no attempt</div><div>0.000</div><div><button>start</button><button>stop</button><button>reset</button><button>reset stats</button></div><div>0/0</div><div><input autocomplete=\\"off\\" type=\\"checkbox\\" id=\\"results_visibility\\" name=\\"results_visibility\\"><label class=\\"clickable\\" for=\\"results_visibility\\">Show Results?</label></div></div></div></section></div></body>"`;
