// Jest Snapshot v1, https://goo.gl/fbAQLP

exports[`dictionary Should render the component 1`] = `"<body><div><div class="layout"><section class="selector"><div class="chord active"><img alt="Delete Chord" loading="lazy" width="25" height="25" decoding="async" data-nimg="1" style="color: transparent;" srcset="/_next/image?url=%2Fimg.jpg&amp;w=32&amp;q=75 1x, /_next/image?url=%2Fimg.jpg&amp;w=64&amp;q=75 2x" src="/_next/image?url=%2Fimg.jpg&amp;w=64&amp;q=75"><span></span><div><svg width="100" viewBox="0 0 100 50"><g width="14.285714285714286"><path class="whiteKey key " x="0" data-natural="C" data-octave="lower" rx="1.4285714285714288" ry="2.5" d="M 0 0 v 47.5 q 0 2.5 1.4285714285714288 2.5 h 11.428571428571429 q 1.4285714285714288 0 1.4285714285714288 -2.5 v -47.5 Z"></path></g><g width="14.285714285714286"><path class="whiteKey key " x="14.285714285714286" data-natural="D" data-octave="lower" rx="1.4285714285714288" ry="2.5" d="M 14.285714285714286 0 v 47.5 q 0 2.5 1.4285714285714288 2.5 h 11.428571428571429 q 1.4285714285714288 0 1.4285714285714288 -2.5 v -47.5 Z"></path></g><g width="7.142857142857143"><path class="blackKey key " x="10.714285714285715" data-sharp="C#" data-flat="Db" data-octave="lower" rx="1.4285714285714288" ry="2.5" d="M 10.714285714285715 0 v 28.75 q 0 2.5 1.4285714285714288 2.5 h 4.285714285714286 q 1.4285714285714288 0 1.4285714285714288 -2.5 v -28.75 Z"></path></g><g width="14.285714285714286"><path class="whiteKey key " x="28.571428571428573" data-natural="E" data-octave="lower" rx="1.4285714285714288" ry="2.5" d="M 28.571428571428573 0 v 47.5 q 0 2.5 1.4285714285714288 2.5 h 11.428571428571429 q 1.4285714285714288 0 1.4285714285714288 -2.5 v -47.5 Z"></path></g><g width="7.142857142857143"><path class="blackKey key " x="25" data-sharp="D#" data-flat="Eb" data-octave="lower" rx="1.4285714285714288" ry="2.5" d="M 25 0 v 28.75 q 0 2.5 1.4285714285714288 2.5 h 4.285714285714286 q 1.4285714285714288 0 1.4285714285714288 -2.5 v -28.75 Z"></path></g><g width="14.285714285714286"><path class="whiteKey key " x="42.85714285714286" data-natural="F" data-octave="lower" rx="1.4285714285714288" ry="2.5" d="M 42.85714285714286 0 v 47.5 q 0 2.5 1.4285714285714288 2.5 h 11.428571428571429 q 1.4285714285714288 0 1.4285714285714288 -2.5 v -47.5 Z"></path></g><g width="14.285714285714286"><path class="whiteKey key " x="57.142857142857146" data-natural="G" data-octave="lower" rx="1.4285714285714288" ry="2.5" d="M 57.142857142857146 0 v 47.5 q 0 2.5 1.4285714285714288 2.5 h 11.428571428571429 q 1.4285714285714288 0 1.4285714285714288 -2.5 v -47.5 Z"></path></g><g width="7.142857142857143"><path class="blackKey key " x="53.57142857142857" data-sharp="F#" data-flat="Gb" data-octave="lower" rx="1.4285714285714288" ry="2.5" d="M 53.57142857142857 0 v 28.75 q 0 2.5 1.4285714285714288 2.5 h 4.285714285714286 q 1.4285714285714288 0 1.4285714285714288 -2.5 v -28.75 Z"></path></g><g width="14.285714285714286"><path class="whiteKey key " x="71.42857142857143" data-natural="A" data-octave="lower" rx="1.4285714285714288" ry="2.5" d="M 71.42857142857143 0 v 47.5 q 0 2.5 1.4285714285714288 2.5 h 11.428571428571429 q 1.4285714285714288 0 1.4285714285714288 -2.5 v -47.5 Z"></path></g><g width="7.142857142857143"><path class="blackKey key " x="67.85714285714286" data-sharp="G#" data-flat="Ab" data-octave="lower" rx="1.4285714285714288" ry="2.5" d="M 67.85714285714286 0 v 28.75 q 0 2.5 1.4285714285714288 2.5 h 4.285714285714286 q 1.4285714285714288 0 1.4285714285714288 -2.5 v -28.75 Z"></path></g><g width="14.285714285714286"><path class="whiteKey key " x="85.71428571428572" data-natural="B" data-octave="lower" rx="1.4285714285714288" ry="2.5" d="M 85.71428571428572 0 v 47.5 q 0 2.5 1.4285714285714288 2.5 h 11.428571428571429 q 1.4285714285714288 0 1.4285714285714288 -2.5 v -47.5 Z"></path></g><g width="7.142857142857143"><path class="blackKey key " x="82.14285714285715" data-sharp="A#" data-flat="Bb" data-octave="lower" rx="1.4285714285714288" ry="2.5" d="M 82.14285714285715 0 v 28.75 q 0 2.5 1.4285714285714288 2.5 h 4.285714285714286 q 1.4285714285714288 0 1.4285714285714288 -2.5 v -28.75 Z"></path></g></svg></div></div><div class="add clickable"></div></section><section class="main"><h2>Chord</h2><span class="bold">Select a Chord</span><div><svg class="clickable" width="400" viewBox="0 0 400 150"><g width="28.571428571428573"><path class="whiteKey key " x="0" data-natural="C" data-octave="3" rx="2.8571428571428577" ry="7.5" d="M 0 0 v 142.5 q 0 7.5 2.8571428571428577 7.5 h 22.857142857142858 q 2.8571428571428577 0 2.8571428571428577 -7.5 v -142.5 Z"></path><text class="whiteKeyText" x="14.285714285714286" y="140" text-anchor="middle">C</text></g><g width="28.571428571428573"><path class="whiteKey key " x="28.571428571428573" data-natural="D" data-octave="3" rx="2.8571428571428577" ry="7.5" d="M 28.571428571428573 0 v 142.5 q 0 7.5 2.8571428571428577 7.5 h 22.857142857142858 q 2.8571428571428577 0 2.8571428571428577 -7.5 v -142.5 Z"></path><text class="whiteKeyText" x="42.85714285714286" y="140" text-anchor="middle">D</text></g><g width="14.285714285714286"><path class="blackKey key " x="21.42857142857143" data-sharp="C#" data-flat="Db" data-octave="3" rx="2.8571428571428577" ry="7.5" d="M 21.42857142857143 0 v 86.25 q 0 7.5 2.8571428571428577 7.5 h 8.571428571428571 q 2.8571428571428577 0 2.8571428571428577 -7.5 v -86.25 Z"></path></g><g width="28.571428571428573"><path class="whiteKey key " x="57.142857142857146" data-natural="E" data-octave="3" rx="2.8571428571428577" ry="7.5" d="M 57.142857142857146 0 v 142.5 q 0 7.5 2.8571428571428577 7.5 h 22.857142857142858 q 2.8571428571428577 0 2.8571428571428577 -7.5 v -142.5 Z"></path><text class="whiteKeyText" x="71.42857142857143" y="140" text-anchor="middle">E</text></g><g width="14.285714285714286"><path class="blackKey key " x="50" data-sharp="D#" data-flat="Eb" data-octave="3" rx="2.8571428571428577" ry="7.5" d="M 50 0 v 86.25 q 0 7.5 2.8571428571428577 7.5 h 8.571428571428571 q 2.8571428571428577 0 2.8571428571428577 -7.5 v -86.25 Z"></path></g><g width="28.571428571428573"><path class="whiteKey key " x="85.71428571428572" data-natural="F" data-octave="3" rx="2.8571428571428577" ry="7.5" d="M 85.71428571428572 0 v 142.5 q 0 7.5 2.8571428571428577 7.5 h 22.857142857142858 q 2.8571428571428577 0 2.8571428571428577 -7.5 v -142.5 Z"></path><text class="whiteKeyText" x="100.00000000000001" y="140" text-anchor="middle">F</text></g><g width="28.571428571428573"><path class="whiteKey key " x="114.28571428571429" data-natural="G" data-octave="3" rx="2.8571428571428577" ry="7.5" d="M 114.28571428571429 0 v 142.5 q 0 7.5 2.8571428571428577 7.5 h 22.857142857142858 q 2.8571428571428577 0 2.8571428571428577 -7.5 v -142.5 Z"></path><text class="whiteKeyText" x="128.57142857142858" y="140" text-anchor="middle">G</text></g><g width="14.285714285714286"><path class="blackKey key " x="107.14285714285714" data-sharp="F#" data-flat="Gb" data-octave="3" rx="2.8571428571428577" ry="7.5" d="M 107.14285714285714 0 v 86.25 q 0 7.5 2.8571428571428577 7.5 h 8.571428571428571 q 2.8571428571428577 0 2.8571428571428577 -7.5 v -86.25 Z"></path></g><g width="28.571428571428573"><path class="whiteKey key " x="142.85714285714286" data-natural="A" data-octave="3" rx="2.8571428571428577" ry="7.5" d="M 142.85714285714286 0 v 142.5 q 0 7.5 2.8571428571428577 7.5 h 22.857142857142858 q 2.8571428571428577 0 2.8571428571428577 -7.5 v -142.5 Z"></path><text class="whiteKeyText" x="157.14285714285714" y="140" text-anchor="middle">A</text></g><g width="14.285714285714286"><path class="blackKey key " x="135.71428571428572" data-sharp="G#" data-flat="Ab" data-octave="3" rx="2.8571428571428577" ry="7.5" d="M 135.71428571428572 0 v 86.25 q 0 7.5 2.8571428571428577 7.5 h 8.571428571428571 q 2.8571428571428577 0 2.8571428571428577 -7.5 v -86.25 Z"></path></g><g width="28.571428571428573"><path class="whiteKey key " x="171.42857142857144" data-natural="B" data-octave="3" rx="2.8571428571428577" ry="7.5" d="M 171.42857142857144 0 v 142.5 q 0 7.5 2.8571428571428577 7.5 h 22.857142857142858 q 2.8571428571428577 0 2.8571428571428577 -7.5 v -142.5 Z"></path><text class="whiteKeyText" x="185.71428571428572" y="140" text-anchor="middle">B</text></g><g width="14.285714285714286"><path class="blackKey key " x="164.2857142857143" data-sharp="A#" data-flat="Bb" data-octave="3" rx="2.8571428571428577" ry="7.5" d="M 164.2857142857143 0 v 86.25 q 0 7.5 2.8571428571428577 7.5 h 8.571428571428571 q 2.8571428571428577 0 2.8571428571428577 -7.5 v -86.25 Z"></path></g><g width="28.571428571428573"><path class="whiteKey key " x="200.00000000000003" data-natural="C" data-octave="4" rx="2.8571428571428577" ry="7.5" d="M 200.00000000000003 0 v 142.5 q 0 7.5 2.8571428571428577 7.5 h 22.857142857142858 q 2.8571428571428577 0 2.8571428571428577 -7.5 v -142.5 Z"></path><text class="whiteKeyText" x="214.2857142857143" y="140" text-anchor="middle">C</text></g><g width="28.571428571428573"><path class="whiteKey key " x="228.5714285714286" data-natural="D" data-octave="4" rx="2.8571428571428577" ry="7.5" d="M 228.5714285714286 0 v 142.5 q 0 7.5 2.8571428571428577 7.5 h 22.857142857142858 q 2.8571428571428577 0 2.8571428571428577 -7.5 v -142.5 Z"></path><text class="whiteKeyText" x="242.8571428571429" y="140" text-anchor="middle">D</text></g><g width="14.285714285714286"><path class="blackKey key " x="221.42857142857147" data-sharp="C#" data-flat="Db" data-octave="4" rx="2.8571428571428577" ry="7.5" d="M 221.42857142857147 0 v 86.25 q 0 7.5 2.8571428571428577 7.5 h 8.571428571428571 q 2.8571428571428577 0 2.8571428571428577 -7.5 v -86.25 Z"></path></g><g width="28.571428571428573"><path class="whiteKey key " x="257.14285714285717" data-natural="E" data-octave="4" rx="2.8571428571428577" ry="7.5" d="M 257.14285714285717 0 v 142.5 q 0 7.5 2.8571428571428577 7.5 h 22.857142857142858 q 2.8571428571428577 0 2.8571428571428577 -7.5 v -142.5 Z"></path><text class="whiteKeyText" x="271.42857142857144" y="140" text-anchor="middle">E</text></g><g width="14.285714285714286"><path class="blackKey key " x="250.00000000000006" data-sharp="D#" data-flat="Eb" data-octave="4" rx="2.8571428571428577" ry="7.5" d="M 250.00000000000006 0 v 86.25 q 0 7.5 2.8571428571428577 7.5 h 8.571428571428571 q 2.8571428571428577 0 2.8571428571428577 -7.5 v -86.25 Z"></path></g><g width="28.571428571428573"><path class="whiteKey key " x="285.7142857142857" data-natural="F" data-octave="4" rx="2.8571428571428577" ry="7.5" d="M 285.7142857142857 0 v 142.5 q 0 7.5 2.8571428571428577 7.5 h 22.857142857142858 q 2.8571428571428577 0 2.8571428571428577 -7.5 v -142.5 Z"></path><text class="whiteKeyText" x="300" y="140" text-anchor="middle">F</text></g><g width="28.571428571428573"><path class="whiteKey key " x="314.2857142857143" data-natural="G" data-octave="4" rx="2.8571428571428577" ry="7.5" d="M 314.2857142857143 0 v 142.5 q 0 7.5 2.8571428571428577 7.5 h 22.857142857142858 q 2.8571428571428577 0 2.8571428571428577 -7.5 v -142.5 Z"></path><text class="whiteKeyText" x="328.57142857142856" y="140" text-anchor="middle">G</text></g><g width="14.285714285714286"><path class="blackKey key " x="307.14285714285717" data-sharp="F#" data-flat="Gb" data-octave="4" rx="2.8571428571428577" ry="7.5" d="M 307.14285714285717 0 v 86.25 q 0 7.5 2.8571428571428577 7.5 h 8.571428571428571 q 2.8571428571428577 0 2.8571428571428577 -7.5 v -86.25 Z"></path></g><g width="28.571428571428573"><path class="whiteKey key " x="342.85714285714283" data-natural="A" data-octave="4" rx="2.8571428571428577" ry="7.5" d="M 342.85714285714283 0 v 142.5 q 0 7.5 2.8571428571428577 7.5 h 22.857142857142858 q 2.8571428571428577 0 2.8571428571428577 -7.5 v -142.5 Z"></path><text class="whiteKeyText" x="357.1428571428571" y="140" text-anchor="middle">A</text></g><g width="14.285714285714286"><path class="blackKey key " x="335.7142857142857" data-sharp="G#" data-flat="Ab" data-octave="4" rx="2.8571428571428577" ry="7.5" d="M 335.7142857142857 0 v 86.25 q 0 7.5 2.8571428571428577 7.5 h 8.571428571428571 q 2.8571428571428577 0 2.8571428571428577 -7.5 v -86.25 Z"></path></g><g width="28.571428571428573"><path class="whiteKey key " x="371.4285714285714" data-natural="B" data-octave="4" rx="2.8571428571428577" ry="7.5" d="M 371.4285714285714 0 v 142.5 q 0 7.5 2.8571428571428577 7.5 h 22.857142857142858 q 2.8571428571428577 0 2.8571428571428577 -7.5 v -142.5 Z"></path><text class="whiteKeyText" x="385.71428571428567" y="140" text-anchor="middle">B</text></g><g width="14.285714285714286"><path class="blackKey key " x="364.2857142857143" data-sharp="A#" data-flat="Bb" data-octave="4" rx="2.8571428571428577" ry="7.5" d="M 364.2857142857143 0 v 86.25 q 0 7.5 2.8571428571428577 7.5 h 8.571428571428571 q 2.8571428571428577 0 2.8571428571428577 -7.5 v -86.25 Z"></path></g></svg></div><div><div>Select a Chord by Clicking the Notes</div><input autocomplete="off" type="checkbox" id="scale_visibility_:r0:" name="scale_visibility_:r0:"><label class="clickable" for="scale_visibility_:r0:">Show Local Scales?</label></div></section><aside class="thin"><h2>Global Scales</h2><span class="bold">Select a Scale Root</span><div><svg class="clickable" width="200" viewBox="0 0 200 75"><g width="28.571428571428573"><path class="whiteKey key " x="0" data-natural="C" data-octave="4" rx="2.8571428571428577" ry="3.75" d="M 0 0 v 71.25 q 0 3.75 2.8571428571428577 3.75 h 22.857142857142858 q 2.8571428571428577 0 2.8571428571428577 -3.75 v -71.25 Z"></path><text class="whiteKeyText" x="14.285714285714286" y="65" text-anchor="middle">C</text></g><g width="28.571428571428573"><path class="whiteKey key " x="28.571428571428573" data-natural="D" data-octave="4" rx="2.8571428571428577" ry="3.75" d="M 28.571428571428573 0 v 71.25 q 0 3.75 2.8571428571428577 3.75 h 22.857142857142858 q 2.8571428571428577 0 2.8571428571428577 -3.75 v -71.25 Z"></path><text class="whiteKeyText" x="42.85714285714286" y="65" text-anchor="middle">D</text></g><g width="14.285714285714286"><path class="blackKey key " x="21.42857142857143" data-sharp="C#" data-flat="Db" data-octave="4" rx="2.8571428571428577" ry="3.75" d="M 21.42857142857143 0 v 43.125 q 0 3.75 2.8571428571428577 3.75 h 8.571428571428571 q 2.8571428571428577 0 2.8571428571428577 -3.75 v -43.125 Z"></path></g><g width="28.571428571428573"><path class="whiteKey key " x="57.142857142857146" data-natural="E" data-octave="4" rx="2.8571428571428577" ry="3.75" d="M 57.142857142857146 0 v 71.25 q 0 3.75 2.8571428571428577 3.75 h 22.857142857142858 q 2.8571428571428577 0 2.8571428571428577 -3.75 v -71.25 Z"></path><text class="whiteKeyText" x="71.42857142857143" y="65" text-anchor="middle">E</text></g><g width="14.285714285714286"><path class="blackKey key " x="50" data-sharp="D#" data-flat="Eb" data-octave="4" rx="2.8571428571428577" ry="3.75" d="M 50 0 v 43.125 q 0 3.75 2.8571428571428577 3.75 h 8.571428571428571 q 2.8571428571428577 0 2.8571428571428577 -3.75 v -43.125 Z"></path></g><g width="28.571428571428573"><path class="whiteKey key " x="85.71428571428572" data-natural="F" data-octave="4" rx="2.8571428571428577" ry="3.75" d="M 85.71428571428572 0 v 71.25 q 0 3.75 2.8571428571428577 3.75 h 22.857142857142858 q 2.8571428571428577 0 2.8571428571428577 -3.75 v -71.25 Z"></path><text class="whiteKeyText" x="100.00000000000001" y="65" text-anchor="middle">F</text></g><g width="28.571428571428573"><path class="whiteKey key " x="114.28571428571429" data-natural="G" data-octave="4" rx="2.8571428571428577" ry="3.75" d="M 114.28571428571429 0 v 71.25 q 0 3.75 2.8571428571428577 3.75 h 22.857142857142858 q 2.8571428571428577 0 2.8571428571428577 -3.75 v -71.25 Z"></path><text class="whiteKeyText" x="128.57142857142858" y="65" text-anchor="middle">G</text></g><g width="14.285714285714286"><path class="blackKey key " x="107.14285714285714" data-sharp="F#" data-flat="Gb" data-octave="4" rx="2.8571428571428577" ry="3.75" d="M 107.14285714285714 0 v 43.125 q 0 3.75 2.8571428571428577 3.75 h 8.571428571428571 q 2.8571428571428577 0 2.8571428571428577 -3.75 v -43.125 Z"></path></g><g width="28.571428571428573"><path class="whiteKey key " x="142.85714285714286" data-natural="A" data-octave="4" rx="2.8571428571428577" ry="3.75" d="M 142.85714285714286 0 v 71.25 q 0 3.75 2.8571428571428577 3.75 h 22.857142857142858 q 2.8571428571428577 0 2.8571428571428577 -3.75 v -71.25 Z"></path><text class="whiteKeyText" x="157.14285714285714" y="65" text-anchor="middle">A</text></g><g width="14.285714285714286"><path class="blackKey key " x="135.71428571428572" data-sharp="G#" data-flat="Ab" data-octave="4" rx="2.8571428571428577" ry="3.75" d="M 135.71428571428572 0 v 43.125 q 0 3.75 2.8571428571428577 3.75 h 8.571428571428571 q 2.8571428571428577 0 2.8571428571428577 -3.75 v -43.125 Z"></path></g><g width="28.571428571428573"><path class="whiteKey key " x="171.42857142857144" data-natural="B" data-octave="4" rx="2.8571428571428577" ry="3.75" d="M 171.42857142857144 0 v 71.25 q 0 3.75 2.8571428571428577 3.75 h 22.857142857142858 q 2.8571428571428577 0 2.8571428571428577 -3.75 v -71.25 Z"></path><text class="whiteKeyText" x="185.71428571428572" y="65" text-anchor="middle">B</text></g><g width="14.285714285714286"><path class="blackKey key " x="164.2857142857143" data-sharp="A#" data-flat="Bb" data-octave="4" rx="2.8571428571428577" ry="3.75" d="M 164.2857142857143 0 v 43.125 q 0 3.75 2.8571428571428577 3.75 h 8.571428571428571 q 2.8571428571428577 0 2.8571428571428577 -3.75 v -43.125 Z"></path></g></svg></div></aside></div></div></body>"`;
